// Jest Snapshot v1, https://goo.gl/fbAQLP

exports[`Create component 1`] = `
<form
  noValidate={true}
  onSubmit={[Function]}
>
  <label>
    Add a task:
    <input
      id="taskName"
      name="name"
      onChange={[Function]}
      type="text"
      value=""
    />
  </label>
  <button
    disabled={true}
    type="submit"
  >
    Add
  </button>
</form>
`;
